============================= test session starts ==============================
platform linux -- Python 3.10.5, pytest-7.1.2, pluggy-1.0.0 -- /usr/bin/python3
cachedir: .pytest_cache
rootdir: /home/kjmoraes/Co-op/Work Term I - Spring 2022/liboqs
plugins: forked-1.4.0, xdist-2.5.0, timeout-2.1.0, cov-3.0.0, flaky-3.7.0
gw0 I / gw1 I / gw2 I / gw3 I / gw4 I / gw5 I
[gw0] linux Python 3.10.5 cwd: /home/kjmoraes/Co-op/Work Term I - Spring 2022/liboqs
[gw1] linux Python 3.10.5 cwd: /home/kjmoraes/Co-op/Work Term I - Spring 2022/liboqs
[gw2] linux Python 3.10.5 cwd: /home/kjmoraes/Co-op/Work Term I - Spring 2022/liboqs
[gw3] linux Python 3.10.5 cwd: /home/kjmoraes/Co-op/Work Term I - Spring 2022/liboqs
[gw4] linux Python 3.10.5 cwd: /home/kjmoraes/Co-op/Work Term I - Spring 2022/liboqs
[gw5] linux Python 3.10.5 cwd: /home/kjmoraes/Co-op/Work Term I - Spring 2022/liboqs
[gw0] Python 3.10.5 (main, Jun  9 2022, 00:00:00) [GCC 11.3.1 20220421 (Red Hat 11.3.1-2)]
[gw1] Python 3.10.5 (main, Jun  9 2022, 00:00:00) [GCC 11.3.1 20220421 (Red Hat 11.3.1-2)]
[gw2] Python 3.10.5 (main, Jun  9 2022, 00:00:00) [GCC 11.3.1 20220421 (Red Hat 11.3.1-2)]
[gw3] Python 3.10.5 (main, Jun  9 2022, 00:00:00) [GCC 11.3.1 20220421 (Red Hat 11.3.1-2)]
[gw4] Python 3.10.5 (main, Jun  9 2022, 00:00:00) [GCC 11.3.1 20220421 (Red Hat 11.3.1-2)]
[gw5] Python 3.10.5 (main, Jun  9 2022, 00:00:00) [GCC 11.3.1 20220421 (Red Hat 11.3.1-2)]
gw0 [129] / gw1 [129] / gw2 [129] / gw3 [129] / gw4 [129] / gw5 [129]

scheduling tests via LoadScheduling

tests/test_cmdline.py::test_examples[example_kem] 
tests/test_cmdline.py::test_examples[example_sig] 
tests/test_cmdline.py::test 
tests/test_cmdline.py::test_kem[BIKE-L1] 
tests/test_cmdline.py::test_kem[BIKE-L3] 
tests/test_cmdline.py::test_kem[Classic-McEliece-348864] 
[gw0] [  0%] PASSED tests/test_cmdline.py::test 
tests/test_cmdline.py::test_kem[Classic-McEliece-348864f] 
[gw2] [  1%] PASSED tests/test_cmdline.py::test_examples[example_sig] 
tests/test_cmdline.py::test_kem[Classic-McEliece-460896f] 
[gw3] [  2%] PASSED tests/test_cmdline.py::test_kem[BIKE-L1] 
tests/test_cmdline.py::test_kem[Classic-McEliece-6688128] 
[gw1] [  3%] PASSED tests/test_cmdline.py::test_examples[example_kem] 
tests/test_cmdline.py::test_kem[Classic-McEliece-460896] 
[gw4] [  3%] PASSED tests/test_cmdline.py::test_kem[BIKE-L3] 
tests/test_cmdline.py::test_kem[Classic-McEliece-6688128f] 
[gw0] [  4%] PASSED tests/test_cmdline.py::test_kem[Classic-McEliece-348864f] 
tests/test_cmdline.py::test_kem[Classic-McEliece-6960119f] 
[gw5] [  5%] PASSED tests/test_cmdline.py::test_kem[Classic-McEliece-348864] 
tests/test_cmdline.py::test_kem[Classic-McEliece-6960119] 
[gw2] [  6%] PASSED tests/test_cmdline.py::test_kem[Classic-McEliece-460896f] 
tests/test_cmdline.py::test_kem[Classic-McEliece-8192128f] 
[gw1] [  6%] PASSED tests/test_cmdline.py::test_kem[Classic-McEliece-460896] 
tests/test_cmdline.py::test_kem[Classic-McEliece-8192128] 
[gw4] [  7%] PASSED tests/test_cmdline.py::test_kem[Classic-McEliece-6688128f] 
tests/test_cmdline.py::test_kem[HQC-192] 
[gw4] [  8%] PASSED tests/test_cmdline.py::test_kem[HQC-192] 
tests/test_cmdline.py::test_kem[Kyber768-90s] 
[gw4] [  9%] PASSED tests/test_cmdline.py::test_kem[Kyber768-90s] 
tests/test_cmdline.py::test_kem[NTRU-HRSS-701] 
[gw4] [ 10%] PASSED tests/test_cmdline.py::test_kem[NTRU-HRSS-701] 
tests/test_cmdline.py::test_kem[ntrulpr857] 
[gw4] [ 10%] PASSED tests/test_cmdline.py::test_kem[ntrulpr857] 
tests/test_cmdline.py::test_kem[ntrulpr1277] 
[gw4] [ 11%] PASSED tests/test_cmdline.py::test_kem[ntrulpr1277] 
tests/test_cmdline.py::test_kem[sntrup653] 
[gw4] [ 12%] PASSED tests/test_cmdline.py::test_kem[sntrup653] 
tests/test_cmdline.py::test_kem[sntrup761] 
[gw4] [ 13%] PASSED tests/test_cmdline.py::test_kem[sntrup761] 
tests/test_cmdline.py::test_kem[sntrup857] 
[gw4] [ 13%] PASSED tests/test_cmdline.py::test_kem[sntrup857] 
tests/test_cmdline.py::test_kem[sntrup1277] 
[gw4] [ 14%] PASSED tests/test_cmdline.py::test_kem[sntrup1277] 
tests/test_cmdline.py::test_kem[LightSaber-KEM] 
[gw4] [ 15%] PASSED tests/test_cmdline.py::test_kem[LightSaber-KEM] 
tests/test_cmdline.py::test_kem[Saber-KEM] 
[gw4] [ 16%] PASSED tests/test_cmdline.py::test_kem[Saber-KEM] 
tests/test_cmdline.py::test_kem[FireSaber-KEM] 
[gw4] [ 17%] PASSED tests/test_cmdline.py::test_kem[FireSaber-KEM] 
tests/test_cmdline.py::test_kem[FrodoKEM-640-AES] 
[gw4] [ 17%] PASSED tests/test_cmdline.py::test_kem[FrodoKEM-640-AES] 
tests/test_cmdline.py::test_kem[FrodoKEM-640-SHAKE] 
[gw3] [ 18%] PASSED tests/test_cmdline.py::test_kem[Classic-McEliece-6688128] 
tests/test_cmdline.py::test_kem[HQC-128] 
[gw3] [ 19%] PASSED tests/test_cmdline.py::test_kem[HQC-128] 
tests/test_cmdline.py::test_kem[Kyber512-90s] 
[gw3] [ 20%] PASSED tests/test_cmdline.py::test_kem[Kyber512-90s] 
tests/test_cmdline.py::test_kem[NTRU-HPS-4096-1229] 
[gw4] [ 20%] PASSED tests/test_cmdline.py::test_kem[FrodoKEM-640-SHAKE] 
tests/test_cmdline.py::test_kem[FrodoKEM-976-AES] 
[gw5] [ 21%] PASSED tests/test_cmdline.py::test_kem[Classic-McEliece-6960119] 
tests/test_cmdline.py::test_kem[HQC-256] 
[gw5] [ 22%] PASSED tests/test_cmdline.py::test_kem[HQC-256] 
tests/test_cmdline.py::test_kem[Kyber1024-90s] 
[gw5] [ 23%] PASSED tests/test_cmdline.py::test_kem[Kyber1024-90s] 
tests/test_cmdline.py::test_kem[NTRU-HRSS-1373] 
[gw4] [ 24%] PASSED tests/test_cmdline.py::test_kem[FrodoKEM-976-AES] 
tests/test_cmdline.py::test_kem[FrodoKEM-976-SHAKE] 
[gw3] [ 24%] PASSED tests/test_cmdline.py::test_kem[NTRU-HPS-4096-1229] 
tests/test_cmdline.py::test_sig[picnic_L1_UR] 
[gw3] [ 25%] PASSED tests/test_cmdline.py::test_sig[picnic_L1_UR] 
tests/test_cmdline.py::test_sig[picnic_L1_full] 
[gw3] [ 26%] PASSED tests/test_cmdline.py::test_sig[picnic_L1_full] 
tests/test_cmdline.py::test_sig[picnic_L3_FS] 
[gw5] [ 27%] PASSED tests/test_cmdline.py::test_kem[NTRU-HRSS-1373] 
tests/test_cmdline.py::test_sig[picnic_L3_full] 
[gw0] [ 27%] PASSED tests/test_cmdline.py::test_kem[Classic-McEliece-6960119f] 
tests/test_cmdline.py::test_kem[Kyber512] 
[gw0] [ 28%] PASSED tests/test_cmdline.py::test_kem[Kyber512] 
[gw3] [ 29%] PASSED tests/test_cmdline.py::test_sig[picnic_L3_FS] 
tests/test_cmdline.py::test_kem[NTRU-HPS-2048-509] 
tests/test_cmdline.py::test_sig[picnic_L3_UR] 
[gw0] [ 30%] PASSED tests/test_cmdline.py::test_kem[NTRU-HPS-2048-509] 
tests/test_cmdline.py::test_kem[ntrulpr653] 
[gw4] [ 31%] PASSED tests/test_cmdline.py::test_kem[FrodoKEM-976-SHAKE] 
tests/test_cmdline.py::test_kem[FrodoKEM-1344-AES] 
[gw0] [ 31%] PASSED tests/test_cmdline.py::test_kem[ntrulpr653] 
tests/test_cmdline.py::test_sig[Dilithium3] 
[gw0] [ 32%] PASSED tests/test_cmdline.py::test_sig[Dilithium3] 
tests/test_cmdline.py::test_sig[Dilithium5] 
[gw0] [ 33%] PASSED tests/test_cmdline.py::test_sig[Dilithium5] 
tests/test_cmdline.py::test_sig[Dilithium2-AES] 
[gw0] [ 34%] PASSED tests/test_cmdline.py::test_sig[Dilithium2-AES] 
tests/test_cmdline.py::test_sig[Dilithium3-AES] 
[gw0] [ 34%] PASSED tests/test_cmdline.py::test_sig[Dilithium3-AES] 
tests/test_cmdline.py::test_sig[Dilithium5-AES] 
[gw0] [ 35%] PASSED tests/test_cmdline.py::test_sig[Dilithium5-AES] 
tests/test_cmdline.py::test_sig[Falcon-512] 
[gw5] [ 36%] PASSED tests/test_cmdline.py::test_sig[picnic_L3_full] 
tests/test_cmdline.py::test_sig[picnic_L5_FS] 
[gw0] [ 37%] PASSED tests/test_cmdline.py::test_sig[Falcon-512] 
tests/test_cmdline.py::test_sig[Falcon-1024] 
[gw3] [ 37%] PASSED tests/test_cmdline.py::test_sig[picnic_L3_UR] 
tests/test_cmdline.py::test_sig[picnic3_L1] 
[gw4] [ 38%] PASSED tests/test_cmdline.py::test_kem[FrodoKEM-1344-AES] 
tests/test_cmdline.py::test_kem[FrodoKEM-1344-SHAKE] 
[gw0] [ 39%] PASSED tests/test_cmdline.py::test_sig[Falcon-1024] 
tests/test_cmdline.py::test_sig[Rainbow-III-Classic] 
[gw5] [ 40%] PASSED tests/test_cmdline.py::test_sig[picnic_L5_FS] 
tests/test_cmdline.py::test_sig[picnic_L5_UR] 
[gw3] [ 41%] PASSED tests/test_cmdline.py::test_sig[picnic3_L1] 
tests/test_cmdline.py::test_sig[picnic3_L3] 
[gw5] [ 41%] PASSED tests/test_cmdline.py::test_sig[picnic_L5_UR] 
tests/test_cmdline.py::test_sig[picnic_L5_full] 
[gw4] [ 42%] PASSED tests/test_cmdline.py::test_kem[FrodoKEM-1344-SHAKE] 
tests/test_cmdline.py::test_sig[picnic_L1_FS] 
[gw4] [ 43%] PASSED tests/test_cmdline.py::test_sig[picnic_L1_FS] 
tests/test_cmdline.py::test_sig[SPHINCS+-Haraka-128s-robust] 
[gw3] [ 44%] PASSED tests/test_cmdline.py::test_sig[picnic3_L3] 
tests/test_cmdline.py::test_sig[picnic3_L5] 
[gw5] [ 44%] PASSED tests/test_cmdline.py::test_sig[picnic_L5_full] 
tests/test_cmdline.py::test_sig[Rainbow-V-Compressed] 
[gw3] [ 45%] PASSED tests/test_cmdline.py::test_sig[picnic3_L5] 
tests/test_cmdline.py::test_sig[Dilithium2] 
[gw3] [ 46%] PASSED tests/test_cmdline.py::test_sig[Dilithium2] 
tests/test_cmdline.py::test_sig[SPHINCS+-Haraka-192f-simple] 
[gw3] [ 47%] PASSED tests/test_cmdline.py::test_sig[SPHINCS+-Haraka-192f-simple] 
tests/test_cmdline.py::test_sig[SPHINCS+-Haraka-192s-robust] 
[gw4] [ 48%] PASSED tests/test_cmdline.py::test_sig[SPHINCS+-Haraka-128s-robust] 
tests/test_cmdline.py::test_sig[SPHINCS+-Haraka-128s-simple] 
[gw2] [ 48%] PASSED tests/test_cmdline.py::test_kem[Classic-McEliece-8192128f] 
tests/test_cmdline.py::test_kem[Kyber1024] 
[gw2] [ 49%] PASSED tests/test_cmdline.py::test_kem[Kyber1024] 
tests/test_cmdline.py::test_kem[NTRU-HPS-4096-821] 
[gw2] [ 50%] PASSED tests/test_cmdline.py::test_kem[NTRU-HPS-4096-821] 
tests/test_cmdline.py::test_sig[SPHINCS+-Haraka-256f-robust] 
[gw2] [ 51%] PASSED tests/test_cmdline.py::test_sig[SPHINCS+-Haraka-256f-robust] 
tests/test_cmdline.py::test_sig[SPHINCS+-Haraka-256f-simple] 
[gw2] [ 51%] PASSED tests/test_cmdline.py::test_sig[SPHINCS+-Haraka-256f-simple] 
tests/test_cmdline.py::test_sig[SPHINCS+-Haraka-256s-robust] 
[gw4] [ 52%] PASSED tests/test_cmdline.py::test_sig[SPHINCS+-Haraka-128s-simple] 
tests/test_cmdline.py::test_sig[SPHINCS+-Haraka-192f-robust] 
[gw4] [ 53%] PASSED tests/test_cmdline.py::test_sig[SPHINCS+-Haraka-192f-robust] 
tests/test_cmdline.py::test_sig[SPHINCS+-SHA256-128f-simple] 
[gw1] [ 54%] PASSED tests/test_cmdline.py::test_kem[Classic-McEliece-8192128] 
tests/test_cmdline.py::test_kem[Kyber768] 
[gw1] [ 55%] PASSED tests/test_cmdline.py::test_kem[Kyber768] 
tests/test_cmdline.py::test_kem[NTRU-HPS-2048-677] 
[gw1] [ 55%] PASSED tests/test_cmdline.py::test_kem[NTRU-HPS-2048-677] 
tests/test_cmdline.py::test_kem[ntrulpr761] 
[gw1] [ 56%] PASSED tests/test_cmdline.py::test_kem[ntrulpr761] 
tests/test_cmdline.py::test_sig[SPHINCS+-SHA256-128s-simple] 
[gw4] [ 57%] PASSED tests/test_cmdline.py::test_sig[SPHINCS+-SHA256-128f-simple] 
tests/test_cmdline.py::test_sig[SPHINCS+-SHA256-128s-robust] 
[gw3] [ 58%] PASSED tests/test_cmdline.py::test_sig[SPHINCS+-Haraka-192s-robust] 
tests/test_cmdline.py::test_sig[SPHINCS+-Haraka-192s-simple] 
[gw2] [ 58%] PASSED tests/test_cmdline.py::test_sig[SPHINCS+-Haraka-256s-robust] 
tests/test_cmdline.py::test_sig[SPHINCS+-Haraka-256s-simple] 
[gw3] [ 59%] PASSED tests/test_cmdline.py::test_sig[SPHINCS+-Haraka-192s-simple] 
tests/test_cmdline.py::test_sig[SPHINCS+-SHA256-192s-simple] 
[gw2] [ 60%] PASSED tests/test_cmdline.py::test_sig[SPHINCS+-Haraka-256s-simple] 
tests/test_cmdline.py::test_sig[SPHINCS+-SHA256-128f-robust] 
[gw2] [ 61%] PASSED tests/test_cmdline.py::test_sig[SPHINCS+-SHA256-128f-robust] 
tests/test_cmdline.py::test_sig[SPHINCS+-SHA256-256f-simple] 
[gw1] [ 62%] PASSED tests/test_cmdline.py::test_sig[SPHINCS+-SHA256-128s-simple] 
tests/test_cmdline.py::test_sig[SPHINCS+-SHA256-192f-robust] 
[gw2] [ 62%] PASSED tests/test_cmdline.py::test_sig[SPHINCS+-SHA256-256f-simple] 
tests/test_cmdline.py::test_sig[SPHINCS+-SHA256-256s-robust] 
[gw1] [ 63%] PASSED tests/test_cmdline.py::test_sig[SPHINCS+-SHA256-192f-robust] 
tests/test_cmdline.py::test_sig[SPHINCS+-SHA256-256s-simple] 
[gw4] [ 64%] PASSED tests/test_cmdline.py::test_sig[SPHINCS+-SHA256-128s-robust] 
tests/test_cmdline.py::test_sig[SPHINCS+-SHA256-192f-simple] 
[gw4] [ 65%] PASSED tests/test_cmdline.py::test_sig[SPHINCS+-SHA256-192f-simple] 
tests/test_cmdline.py::test_sig[SPHINCS+-SHA256-192s-robust] 
[gw3] [ 65%] PASSED tests/test_cmdline.py::test_sig[SPHINCS+-SHA256-192s-simple] 
tests/test_cmdline.py::test_sig[SPHINCS+-SHA256-256f-robust] 
[gw1] [ 66%] PASSED tests/test_cmdline.py::test_sig[SPHINCS+-SHA256-256s-simple] 
tests/test_cmdline.py::test_sig[SPHINCS+-SHAKE256-128f-simple] 
[gw0] [ 67%] PASSED tests/test_cmdline.py::test_sig[Rainbow-III-Classic] 
tests/test_cmdline.py::test_sig[Rainbow-III-Circumzenithal] 
[gw1] [ 68%] PASSED tests/test_cmdline.py::test_sig[SPHINCS+-SHAKE256-128f-simple] 
tests/test_cmdline.py::test_sig[SPHINCS+-SHAKE256-192f-robust] 
[gw3] [ 68%] PASSED tests/test_cmdline.py::test_sig[SPHINCS+-SHA256-256f-robust] 
tests/test_cmdline.py::test_sig[SPHINCS+-SHAKE256-128s-simple] 
[gw1] [ 69%] PASSED tests/test_cmdline.py::test_sig[SPHINCS+-SHAKE256-192f-robust] 
tests/test_cmdline.py::test_sig[SPHINCS+-SHAKE256-192f-simple] 
[gw1] [ 70%] PASSED tests/test_cmdline.py::test_sig[SPHINCS+-SHAKE256-192f-simple] 
tests/test_cmdline.py::test_sig[SPHINCS+-SHAKE256-192s-simple] 
[gw3] [ 71%] PASSED tests/test_cmdline.py::test_sig[SPHINCS+-SHAKE256-128s-simple] 
tests/test_cmdline.py::test_sig[SPHINCS+-SHAKE256-192s-robust] 
[gw4] [ 72%] PASSED tests/test_cmdline.py::test_sig[SPHINCS+-SHA256-192s-robust] 
tests/test_cmdline.py::test_sig[SPHINCS+-SHAKE256-128s-robust] 
[gw0] [ 72%] PASSED tests/test_cmdline.py::test_sig[Rainbow-III-Circumzenithal] 
tests/test_cmdline.py::test_sig[Rainbow-III-Compressed] 
[gw2] [ 73%] PASSED tests/test_cmdline.py::test_sig[SPHINCS+-SHA256-256s-robust] 
tests/test_cmdline.py::test_sig[SPHINCS+-SHAKE256-128f-robust] 
[gw1] [ 74%] PASSED tests/test_cmdline.py::test_sig[SPHINCS+-SHAKE256-192s-simple] 
tests/test_cmdline.py::test_sig[SPHINCS+-SHAKE256-256f-robust] 
[gw2] [ 75%] PASSED tests/test_cmdline.py::test_sig[SPHINCS+-SHAKE256-128f-robust] 
tests/test_cmdline.py::test_sig[SPHINCS+-SHAKE256-256s-simple] 
[gw1] [ 75%] PASSED tests/test_cmdline.py::test_sig[SPHINCS+-SHAKE256-256f-robust] 
tests/test_cmdline.py::test_sig_stfl_read_key[XMSS-SHA2_10_256] 
[gw1] [ 76%] PASSED tests/test_cmdline.py::test_sig_stfl_read_key[XMSS-SHA2_10_256] 
tests/test_cmdline.py::test_sig_stfl_read_key[XMSS-SHA2_20_256] 
[gw1] [ 77%] PASSED tests/test_cmdline.py::test_sig_stfl_read_key[XMSS-SHA2_20_256] 
tests/test_cmdline.py::test_sig_stfl_read_key[XMSS-SHA2_10_512] 
[gw1] [ 78%] PASSED tests/test_cmdline.py::test_sig_stfl_read_key[XMSS-SHA2_10_512] 
tests/test_cmdline.py::test_sig_stfl_read_key[XMSS-SHA2_16_512] 
[gw1] [ 79%] PASSED tests/test_cmdline.py::test_sig_stfl_read_key[XMSS-SHA2_16_512] 
tests/test_cmdline.py::test_sig_stfl_read_key[XMSS-SHA2_20_512] 
[gw1] [ 79%] PASSED tests/test_cmdline.py::test_sig_stfl_read_key[XMSS-SHA2_20_512] 
tests/test_cmdline.py::test_sig_stfl_read_key[XMSS-SHAKE_10_256] 
[gw1] [ 80%] PASSED tests/test_cmdline.py::test_sig_stfl_read_key[XMSS-SHAKE_10_256] 
tests/test_cmdline.py::test_sig_stfl_read_key[XMSS-SHAKE_16_256] 
[gw1] [ 81%] PASSED tests/test_cmdline.py::test_sig_stfl_read_key[XMSS-SHAKE_16_256] 
tests/test_cmdline.py::test_sig_stfl_read_key[XMSS-SHAKE_20_256] 
[gw1] [ 82%] PASSED tests/test_cmdline.py::test_sig_stfl_read_key[XMSS-SHAKE_20_256] 
tests/test_cmdline.py::test_sig_stfl_read_key[XMSS-SHAKE_10_512] 
[gw1] [ 82%] PASSED tests/test_cmdline.py::test_sig_stfl_read_key[XMSS-SHAKE_10_512] 
tests/test_cmdline.py::test_sig_stfl_read_key[XMSS-SHAKE_16_512] 
[gw1] [ 83%] PASSED tests/test_cmdline.py::test_sig_stfl_read_key[XMSS-SHAKE_16_512] 
tests/test_cmdline.py::test_sig_stfl_read_key[XMSS-SHAKE_20_512] 
[gw1] [ 84%] PASSED tests/test_cmdline.py::test_sig_stfl_read_key[XMSS-SHAKE_20_512] 
tests/test_cmdline.py::test_sig_stfl_read_key[XMSSMT-SHA2_20/2_256] 
[gw1] [ 85%] PASSED tests/test_cmdline.py::test_sig_stfl_read_key[XMSSMT-SHA2_20/2_256] 
tests/test_cmdline.py::test_sig_stfl_read_key[XMSSMT-SHA2_20/4_256] 
[gw1] [ 86%] PASSED tests/test_cmdline.py::test_sig_stfl_read_key[XMSSMT-SHA2_20/4_256] 
tests/test_cmdline.py::test_sig_stfl_read_key[XMSSMT-SHA2_40/2_256] 
[gw1] [ 86%] PASSED tests/test_cmdline.py::test_sig_stfl_read_key[XMSSMT-SHA2_40/2_256] 
tests/test_cmdline.py::test_sig_stfl_read_key[XMSSMT-SHA2_40/4_256] 
[gw1] [ 87%] PASSED tests/test_cmdline.py::test_sig_stfl_read_key[XMSSMT-SHA2_40/4_256] 
tests/test_cmdline.py::test_sig_stfl_read_key[XMSSMT-SHA2_40/8_256] 
[gw1] [ 88%] PASSED tests/test_cmdline.py::test_sig_stfl_read_key[XMSSMT-SHA2_40/8_256] 
tests/test_cmdline.py::test_sig_stfl_read_key[XMSSMT-SHA2_60/3_256] 
[gw1] [ 89%] PASSED tests/test_cmdline.py::test_sig_stfl_read_key[XMSSMT-SHA2_60/3_256] 
tests/test_cmdline.py::test_sig_stfl_read_key[XMSSMT-SHA2_60/6_256] 
[gw1] [ 89%] PASSED tests/test_cmdline.py::test_sig_stfl_read_key[XMSSMT-SHA2_60/6_256] 
tests/test_cmdline.py::test_sig_stfl_read_key[XMSSMT-SHA2_60/12_256] 
[gw1] [ 90%] PASSED tests/test_cmdline.py::test_sig_stfl_read_key[XMSSMT-SHA2_60/12_256] 
[gw4] [ 91%] PASSED tests/test_cmdline.py::test_sig[SPHINCS+-SHAKE256-128s-robust] 
tests/test_cmdline.py::test_sig[SPHINCS+-SHAKE256-256s-robust] 
[gw2] [ 92%] PASSED tests/test_cmdline.py::test_sig[SPHINCS+-SHAKE256-256s-simple] 
tests/test_cmdline.py::test_sig_stfl_read_key[XMSS-SHA2_16_256] 
[gw2] [ 93%] PASSED tests/test_cmdline.py::test_sig_stfl_read_key[XMSS-SHA2_16_256] 
[gw0] [ 93%] PASSED tests/test_cmdline.py::test_sig[Rainbow-III-Compressed] 
tests/test_cmdline.py::test_sig[Rainbow-V-Classic] 
[gw3] [ 94%] PASSED tests/test_cmdline.py::test_sig[SPHINCS+-SHAKE256-192s-robust] 
tests/test_cmdline.py::test_sig[SPHINCS+-SHAKE256-256f-simple] 
[gw3] [ 95%] PASSED tests/test_cmdline.py::test_sig[SPHINCS+-SHAKE256-256f-simple] 
[gw5] [ 96%] PASSED tests/test_cmdline.py::test_sig[Rainbow-V-Compressed] 
tests/test_cmdline.py::test_sig[SPHINCS+-Haraka-128f-robust] 
[gw5] [ 96%] PASSED tests/test_cmdline.py::test_sig[SPHINCS+-Haraka-128f-robust] 
tests/test_cmdline.py::test_sig[SPHINCS+-Haraka-128f-simple] 
[gw5] [ 97%] PASSED tests/test_cmdline.py::test_sig[SPHINCS+-Haraka-128f-simple] 
[gw4] [ 98%] PASSED tests/test_cmdline.py::test_sig[SPHINCS+-SHAKE256-256s-robust] 
[gw0] [ 99%] PASSED tests/test_cmdline.py::test_sig[Rainbow-V-Classic] 
tests/test_cmdline.py::test_sig[Rainbow-V-Circumzenithal] 
[gw0] [100%] PASSED tests/test_cmdline.py::test_sig[Rainbow-V-Circumzenithal] 

======================== 129 passed in 96.67s (0:01:36) ========================
